../Core/Src/main.c:98:6:QMC_Init	32	static
../Core/Src/main.c:111:6:QMC_READ	40	static
../Core/Src/main.c:120:6:HAL_I2C_MemRxCpltCallback	16	static
../Core/Src/main.c:135:5:main	8	static
../Core/Src/main.c:217:6:SystemClock_Config	88	static
../Core/Src/main.c:263:13:MX_I2C1_Init	8	static
../Core/Src/main.c:311:13:MX_USART3_UART_Init	8	static
../Core/Src/main.c:344:13:MX_USART6_UART_Init	8	static
../Core/Src/main.c:377:13:MX_GPIO_Init	56	static
../Core/Src/main.c:440:6:sensorTask	24	static
../Core/Src/main.c:473:6:Error_Handler	4	static,ignoring_inline_asm
